// Jest Snapshot v1, https://goo.gl/fbAQLP

exports[`Form should be an instance of Form component 1`] = `
<form
  className="reservation-form"
  onSubmit={[Function]}
>
  <input
    name="name"
    onChange={[Function]}
    placeholder="Name"
    type="text"
    value=""
  />
  <input
    name="date"
    onChange={[Function]}
    placeholder="Date (mm/dd)"
    type="text"
    value=""
  />
  <input
    name="time"
    onChange={[Function]}
    placeholder="Time"
    type="text"
    value=""
  />
  <input
    max="25"
    maxlength="2"
    min="1"
    name="number"
    onChange={[Function]}
    placeholder="Number of guests"
    type="text"
    value=""
  />
  <button
    onClick={[Function]}
  >
    Make a Reservation
  </button>
</form>
`;
